ASxxxx Linker V03.00/V05.40 + sdld,  page 1.
Hexadecimal  [32-Bits]

Area                                    Addr        Size        Decimal Bytes (Attributes)
--------------------------------        ----        ----        ------- ----- ------------
CABS                                00000000    00000000 =           0. bytes (ABS,CON,CODE)

      Value  Global                              Global Defined In Module
      -----  --------------------------------   ------------------------
C:   00000000  l_BSEG                          
C:   00000000  l_BSEG_BYTES                    
C:   00000000  l_CABS                          
C:   00000000  l_GSINIT                        
C:   00000000  l_GSINIT1                       
C:   00000000  l_GSINIT5                       
C:   00000000  l_IABS                          
C:   00000000  l_ISEG                          
C:   00000000  l_OSEG                          
C:   00000000  l_PSEG                          
C:   00000000  l_REG_BANK_1                    
C:   00000000  l_REG_BANK_2                    
C:   00000000  l_REG_BANK_3                    
C:   00000000  l_RSEG                          
C:   00000000  l_RSEG0                         
C:   00000000  l_RSEG1                         
C:   00000000  l_XABS                          
C:   00000000  l_XINIT                         
C:   00000000  l_XISEG                         
C:   00000000  l_XSEG                          
C:   00000000  l__CODE                         
C:   00000000  s_BSEG                          
C:   00000000  s_CABS                          
C:   00000000  s_DSEG                          
C:   00000000  s_IABS                          
C:   00000000  s_ISEG                          
C:   00000000  s_REG_BANK_0                    
C:   00000000  s_RSEG                          
C:   00000000  s_RSEG0                         
C:   00000000  s_RSEG1                         
C:   00000000  s_XABS                          
C:   00000001  l_BIT_BANK                      
C:   00000001  s_PSEG                          
C:   00000001  s_XISEG                         
C:   00000001  s_XSEG                          
C:   00000003  l_GSFINAL                       
C:   00000003  l_GSINIT0                       
C:   00000006  l_HOME                          
C:   00000008  l_REG_BANK_0                    
C:   00000008  s_REG_BANK_1                    
C:   0000000A  l_GSINIT2                       
C:   00000010  s_REG_BANK_2                    
C:   00000018  s_REG_BANK_3                    
C:   00000020  s_BIT_BANK                      
C:   00000020  s_BSEG_BYTES                    
C:   00000020  s_OSEG                          
C:   00000020  s__CODE                         
C:   00000022  l_GSINIT3                       
C:   0000002A  l_GSINIT4                       
C:   00000061  s_SSEG                          
ASxxxx Linker V03.00/V05.40 + sdld,  page 2.
Hexadecimal  [32-Bits]

Area                                    Addr        Size        Decimal Bytes (Attributes)
--------------------------------        ----        ----        ------- ----- ------------
CABS                                00000000    00000000 =           0. bytes (ABS,CON,CODE)

      Value  Global                              Global Defined In Module
      -----  --------------------------------   ------------------------
C:   00000069  l_DSEG                          
C:   0000009F  l_SSEG                          
C:   00000100  l_IRAM                          
C:   00000208  l_CONST                         
C:   00002000  s_HOME                          
C:   00002006  s_GSINIT0                       
C:   00002009  s_GSINIT1                       
C:   00002009  s_GSINIT2                       
C:   00002013  s_GSINIT3                       
C:   00002035  s_GSINIT4                       
C:   0000205F  s_GSFINAL                       
C:   0000205F  s_GSINIT                        
C:   0000205F  s_GSINIT5                       
C:   00002062  s_CSEG                          
C:   00002D65  l_CSEG                          
C:   00004DC7  s_CONST                         
C:   00004FCF  s_XINIT                         

ASxxxx Linker V03.00/V05.40 + sdld,  page 3.
Hexadecimal  [32-Bits]

Area                                    Addr        Size        Decimal Bytes (Attributes)
--------------------------------        ----        ----        ------- ----- ------------
.  .ABS.                            00000000    00000000 =           0. bytes (ABS,CON)

      Value  Global                              Global Defined In Module
      -----  --------------------------------   ------------------------
     00000000  .__.ABS.                           _startup
     00000080  _P0                                vt100
     00000080  _P0_0                              vt100
     00000081  _P0_1                              vt100
     00000081  _SP                                vt100
     00000082  _DPL                               vt100
     00000082  _P0_2                              vt100
     00000083  _DPH                               vt100
     00000083  _P0_3                              vt100
     00000084  _P0_4                              vt100
     00000085  _P0_5                              vt100
     00000086  _P0_6                              vt100
     00000087  _P0_7                              vt100
     00000087  _PCON                              vt100
     00000088  _IT0                               vt100
     00000088  _TCON                              vt100
     00000089  _IE0                               vt100
     00000089  _TMOD                              vt100
     0000008A  _IT1                               vt100
     0000008A  _TL0                               vt100
     0000008B  _IE1                               vt100
     0000008B  _TL1                               vt100
     0000008C  _TH0                               vt100
     0000008C  _TR0                               vt100
     0000008D  _TF0                               vt100
     0000008D  _TH1                               vt100
     0000008E  _TR1                               vt100
     0000008F  _TF1                               vt100
     00000090  _P1                                vt100
     00000090  _P1_0                              vt100
     00000090  _T2                                vt100
     00000091  _P1_1                              vt100
     00000091  _T2EX                              vt100
     00000092  _P1_2                              vt100
     00000093  _P1_3                              vt100
     00000094  _P1_4                              vt100
     00000095  _P1_5                              vt100
     00000096  _P1_6                              vt100
     00000097  _P1_7                              vt100
     00000098  _RI                                vt100
     00000098  _SCON                              vt100
     00000099  _SBUF                              vt100
     00000099  _TI                                vt100
     0000009A  _RB8                               vt100
     0000009B  _TB8                               vt100
     0000009C  _REN                               vt100
     0000009D  _SM2                               vt100
     0000009E  _SM1                               vt100
     0000009F  _SM0                               vt100
     000000A0  _P2                                vt100
ASxxxx Linker V03.00/V05.40 + sdld,  page 4.
Hexadecimal  [32-Bits]

Area                                    Addr        Size        Decimal Bytes (Attributes)
--------------------------------        ----        ----        ------- ----- ------------
.  .ABS.                            00000000    00000000 =           0. bytes (ABS,CON)

      Value  Global                              Global Defined In Module
      -----  --------------------------------   ------------------------
     000000A0  _P2_0                              vt100
     000000A0  __XPAGE                            
     000000A1  _P2_1                              vt100
     000000A2  _P2_2                              vt100
     000000A3  _P2_3                              vt100
     000000A4  _P2_4                              vt100
     000000A5  _P2_5                              vt100
     000000A6  _P2_6                              vt100
     000000A7  _P2_7                              vt100
     000000A8  _EX0                               vt100
     000000A8  _IE                                vt100
     000000A9  _ET0                               vt100
     000000AA  _EX1                               vt100
     000000AB  _ET1                               vt100
     000000AC  _ES                                vt100
     000000AD  _ET2                               vt100
     000000AF  _EA                                vt100
     000000B0  _P3                                vt100
     000000B0  _P3_0                              vt100
     000000B0  _RXD                               vt100
     000000B1  _P3_1                              vt100
     000000B1  _TXD                               vt100
     000000B2  _INT0                              vt100
     000000B2  _P3_2                              vt100
     000000B3  _INT1                              vt100
     000000B3  _P3_3                              vt100
     000000B4  _P3_4                              vt100
     000000B4  _T0                                vt100
     000000B5  _P3_5                              vt100
     000000B5  _T1                                vt100
     000000B6  _P3_6                              vt100
     000000B6  _WR                                vt100
     000000B7  _P3_7                              vt100
     000000B7  _RD                                vt100
     000000B8  _IP                                vt100
     000000B8  _PX0                               vt100
     000000B9  _PT0                               vt100
     000000BA  _PX1                               vt100
     000000BB  _PT1                               vt100
     000000BC  _PS                                vt100
     000000BD  _PT2                               vt100
     000000C8  _CP_RL2                            vt100
     000000C8  _T2CON                             vt100
     000000C8  _T2CON_0                           vt100
     000000C9  _C_T2                              vt100
     000000C9  _T2CON_1                           vt100
     000000C9  _T2MOD                             vt100
     000000CA  _RCAP2L                            vt100
     000000CA  _T2CON_2                           vt100
     000000CA  _TR2                               vt100
     000000CB  _EXEN2                             vt100
ASxxxx Linker V03.00/V05.40 + sdld,  page 5.
Hexadecimal  [32-Bits]

Area                                    Addr        Size        Decimal Bytes (Attributes)
--------------------------------        ----        ----        ------- ----- ------------
.  .ABS.                            00000000    00000000 =           0. bytes (ABS,CON)

      Value  Global                              Global Defined In Module
      -----  --------------------------------   ------------------------
     000000CB  _RCAP2H                            vt100
     000000CB  _T2CON_3                           vt100
     000000CC  _T2CON_4                           vt100
     000000CC  _TCLK                              vt100
     000000CC  _TL2                               vt100
     000000CD  _RCLK                              vt100
     000000CD  _T2CON_5                           vt100
     000000CD  _TH2                               vt100
     000000CE  _EXF2                              vt100
     000000CE  _T2CON_6                           vt100
     000000CF  _T2CON_7                           vt100
     000000CF  _TF2                               vt100
     000000D0  _P                                 vt100
     000000D0  _PSW                               vt100
     000000D1  _FL                                vt100
     000000D2  _OV                                vt100
     000000D3  _RS0                               vt100
     000000D4  _RS1                               vt100
     000000D5  _F0                                vt100
     000000D6  _AC                                vt100
     000000D7  _CY                                vt100
     000000E0  _A                                 vt100
     000000E0  _ACC                               vt100
     000000F0  _B                                 vt100
     000000F5  _B_5                               _gptrget
     000000F6  _B_6                               _gptrget
     000000F7  _B_7                               _gptrget

ASxxxx Linker V03.00/V05.40 + sdld,  page 6.
Hexadecimal  [32-Bits]

Area                                    Addr        Size        Decimal Bytes (Attributes)
--------------------------------        ----        ----        ------- ----- ------------
REG_BANK_0                          00000000    00000008 =           8. bytes (REL,OVR)

      Value  Global                              Global Defined In Module
      -----  --------------------------------   ------------------------
ASxxxx Linker V03.00/V05.40 + sdld,  page 7.
Hexadecimal  [32-Bits]

Area                                    Addr        Size        Decimal Bytes (Attributes)
--------------------------------        ----        ----        ------- ----- ------------
BIT_BANK                            00000020    00000001 =           1. bytes (REL,OVR)

      Value  Global                              Global Defined In Module
      -----  --------------------------------   ------------------------
ASxxxx Linker V03.00/V05.40 + sdld,  page 8.
Hexadecimal  [32-Bits]

Area                                    Addr        Size        Decimal Bytes (Attributes)
--------------------------------        ----        ----        ------- ----- ------------
DSEG                                00000000    00000069 =         105. bytes (REL,CON)

      Value  Global                              Global Defined In Module
      -----  --------------------------------   ------------------------
     00000008  _bp                                _bp

ASxxxx Linker V03.00/V05.40 + sdld,  page 9.
Hexadecimal  [32-Bits]

Area                                    Addr        Size        Decimal Bytes (Attributes)
--------------------------------        ----        ----        ------- ----- ------------
SSEG                                00000061    0000009F =         159. bytes (REL,OVR)

      Value  Global                              Global Defined In Module
      -----  --------------------------------   ------------------------
     00000061  __start__stack                     vt100

ASxxxx Linker V03.00/V05.40 + sdld,  page 10.
Hexadecimal  [32-Bits]

Area                                    Addr        Size        Decimal Bytes (Attributes)
--------------------------------        ----        ----        ------- ----- ------------
HOME                                00002000    00000006 =           6. bytes (REL,CON,CODE)

      Value  Global                              Global Defined In Module
      -----  --------------------------------   ------------------------
C:   00002003  __sdcc_program_startup             vt100

ASxxxx Linker V03.00/V05.40 + sdld,  page 11.
Hexadecimal  [32-Bits]

Area                                    Addr        Size        Decimal Bytes (Attributes)
--------------------------------        ----        ----        ------- ----- ------------
GSINIT0                             00002006    00000003 =           3. bytes (REL,CON,CODE)

      Value  Global                              Global Defined In Module
      -----  --------------------------------   ------------------------
C:   00002006  __sdcc_gsinit_startup              

ASxxxx Linker V03.00/V05.40 + sdld,  page 12.
Hexadecimal  [32-Bits]

Area                                    Addr        Size        Decimal Bytes (Attributes)
--------------------------------        ----        ----        ------- ----- ------------
GSINIT2                             00002009    0000000A =          10. bytes (REL,CON,CODE)

      Value  Global                              Global Defined In Module
      -----  --------------------------------   ------------------------
ASxxxx Linker V03.00/V05.40 + sdld,  page 13.
Hexadecimal  [32-Bits]

Area                                    Addr        Size        Decimal Bytes (Attributes)
--------------------------------        ----        ----        ------- ----- ------------
GSINIT3                             00002013    00000022 =          34. bytes (REL,CON,CODE)

      Value  Global                              Global Defined In Module
      -----  --------------------------------   ------------------------
C:   00002013  __mcs51_genXINIT                   

ASxxxx Linker V03.00/V05.40 + sdld,  page 14.
Hexadecimal  [32-Bits]

Area                                    Addr        Size        Decimal Bytes (Attributes)
--------------------------------        ----        ----        ------- ----- ------------
GSINIT4                             00002035    0000002A =          42. bytes (REL,CON,CODE)

      Value  Global                              Global Defined In Module
      -----  --------------------------------   ------------------------
C:   00002035  __mcs51_genRAMCLEAR                
C:   0000203B  __mcs51_genXRAMCLEAR               

ASxxxx Linker V03.00/V05.40 + sdld,  page 15.
Hexadecimal  [32-Bits]

Area                                    Addr        Size        Decimal Bytes (Attributes)
--------------------------------        ----        ----        ------- ----- ------------
GSFINAL                             0000205F    00000003 =           3. bytes (REL,CON,CODE)

      Value  Global                              Global Defined In Module
      -----  --------------------------------   ------------------------
ASxxxx Linker V03.00/V05.40 + sdld,  page 16.
Hexadecimal  [32-Bits]

Area                                    Addr        Size        Decimal Bytes (Attributes)
--------------------------------        ----        ----        ------- ----- ------------
CSEG                                00002062    00002D65 =       11621. bytes (REL,CON,CODE)

      Value  Global                              Global Defined In Module
      -----  --------------------------------   ------------------------
C:   00002062  _vga_init                          vt100
C:   00002063  _vga_drawChar                      vt100
C:   000020C1  _vga_setBackColor                  vt100
C:   000020CD  _vga_setFrontColor                 vt100
C:   000020D9  _vga_fillRect                      vt100
C:   0000218F  _vga_setScrollStart                vt100
C:   00002193  _vga_setScrollMargins              vt100
C:   000021A5  _putchar                           vt100
C:   000021C8  _getchar                           vt100
C:   000021D6  __vt100_reset                      vt100
C:   00002226  __vt100_resetScroll                vt100
C:   0000223F  _VT100_CURSOR_Y                    vt100
C:   00002338  __vt100_clearLines                 vt100
C:   000023E7  __vt100_scroll                     vt100
C:   000025F0  _abs                               vt100
C:   00002607  __vt100_move                       vt100
C:   000028AB  __vt100_drawCursor                 vt100
C:   000028AC  __vt100_putc                       vt100
C:   00002A32  __st_command_arg                   vt100
C:   00002C0C  __st_esc_question                  vt100
C:   00002DE1  __st_esc_sq_bracket                vt100
C:   00003CE9  __st_esc_left_br                   vt100
C:   00003D59  __st_esc_right_br                  vt100
C:   00003DC9  __st_esc_hash                      vt100
C:   00003E1B  __st_escape                        vt100
C:   00004485  __st_idle                          vt100
C:   0000467D  _vt100_init                        vt100
C:   00004688  _vt100_putc                        vt100
C:   000046B1  _vt100_puts                        vt100
C:   000046DC  _spf                               vt100
C:   00004806  _main                              vt100
C:   00004C7A  __gptrput                          _gptrput
C:   00004C95  __mulint                           _mulint
C:   00004C95  __mulint_dummy                     _mulint
C:   00004CB7  __gptrget                          _gptrget
C:   00004CD3  __modsint                          _modsint
C:   00004D10  __moduint                          _moduint
C:   00004D1A  __modint                           _moduint
C:   00004D55  __divsint                          _divsint
C:   00004D92  __divuint                          _divuint
C:   00004D9C  __divint                           _divuint
C:   00004DC3  ___sdcc_external_startup           _startup
ASxxxx Linker V03.00/V05.40 + sdld,  page 17.
Hexadecimal  [32-Bits]

Area                                    Addr        Size        Decimal Bytes (Attributes)
--------------------------------        ----        ----        ------- ----- ------------
CONST                               00004DC7    00000208 =         520. bytes (REL,CON,CODE)

      Value  Global                              Global Defined In Module
      -----  --------------------------------   ------------------------
ASxxxx Linker V03.00/V05.40 + sdld,  page 18.

Files Linked                              [ module(s) ]

vt100.rel                                 [  ]


Libraries Linked                          [ object file ]

C:\Program Files (x86)\Mide-51\sdcc_new\bin\..\lib\small-stack-auto/mcs51.lib
                                          [ crtclear.rel ]
C:\Program Files (x86)\Mide-51\sdcc_new\bin\..\lib\small-stack-auto/mcs51.lib
                                          [ crtxinit.rel ]
C:\Program Files (x86)\Mide-51\sdcc_new\bin\..\lib\small-stack-auto/libsdcc.lib
                                          [ _gptrput.rel ]
C:\Program Files (x86)\Mide-51\sdcc_new\bin\..\lib\small-stack-auto/libint.lib
                                          [ _mulint.rel ]
C:\Program Files (x86)\Mide-51\sdcc_new\bin\..\lib\small-stack-auto/mcs51.lib
                                          [ crtxclear.rel ]
C:\Program Files (x86)\Mide-51\sdcc_new\bin\..\lib\small-stack-auto/libsdcc.lib
                                          [ _bp.rel ]
C:\Program Files (x86)\Mide-51\sdcc_new\bin\..\lib\small-stack-auto/mcs51.lib
                                          [ crtpagesfr.rel ]
C:\Program Files (x86)\Mide-51\sdcc_new\bin\..\lib\small-stack-auto/mcs51.lib
                                          [ crtstart.rel ]
C:\Program Files (x86)\Mide-51\sdcc_new\bin\..\lib\small-stack-auto/libsdcc.lib
                                          [ _gptrget.rel ]
C:\Program Files (x86)\Mide-51\sdcc_new\bin\..\lib\small-stack-auto/libint.lib
                                          [ _modsint.rel ]
C:\Program Files (x86)\Mide-51\sdcc_new\bin\..\lib\small-stack-auto/libint.lib
                                          [ _moduint.rel ]
C:\Program Files (x86)\Mide-51\sdcc_new\bin\..\lib\small-stack-auto/libint.lib
                                          [ _divsint.rel ]
C:\Program Files (x86)\Mide-51\sdcc_new\bin\..\lib\small-stack-auto/libint.lib
                                          [ _divuint.rel ]
C:\Program Files (x86)\Mide-51\sdcc_new\bin\..\lib\small-stack-auto/libsdcc.lib
                                          [ _startup.rel ]

ASxxxx Linker V03.00/V05.40 + sdld,  page 19.

User Base Address Definitions

HOME = 0x2000
XSEG = 0x0001
PSEG = 0x0001
ISEG = 0x0000
BSEG = 0x0000

